
> nextjs@0.1.0 build
> next build

npm : ΓÜá Warning: 
Next.js inferred 
your workspace root, 
but it may not be 
correct.
At line:1 char:1
+ npm run build 2>&1 
| Out-File -Encoding 
utf8 build_error.log
+ ~~~~~~~~~~~~~~~~~~
    + CategoryInfo   
           : NotSpe  
  cified: (ΓÜá War   
 ning: Ne...not b    
e correct.:Strin    
g) [], RemoteExc    
eption
    + FullyQualified 
   ErrorId : Native  
  CommandError
 
 We detected 
multiple lockfiles 
and selected the 
directory of C:\Users
\Krishu\package-lock.
json as the root 
directory.
 To silence this 
warning, set 
`turbopack.root` in 
your Next.js config, 
or consider removing 
one of the lockfiles 
if it's not needed.
   See https://nextjs
.org/docs/app/api-ref
erence/config/next-co
nfig-js/turbopack#roo
t-directory for more 
information.
 Detected additional 
lockfiles: 
   * C:\Users\Krishu\
Desktop\Todo Resume\N
ext\todo-next-test-ma
in\package-lock.json

Γû▓ Next.js 16.1.1 (Turbopack)
- Environments: .env

  Creating an optimized production build ...

> Build error 
occurred
Error: Turbopack 
build failed with 1 
errors:
./Desktop/Todo Resume
/Next/todo-next-test-
main/app/finalize/pag
e.tsx:4:18
Ecmascript file had 
an error
[0m [90m 2 |[39m 
[36mimport[39m 
[33mReact[39m 
[36mfrom[39m [32m'
react'[39m[33m;[39
m
 [90m 3 |[39m
[31m[1m>[22m[39m
[90m 4 |[39m 
[36mconst[39m 
[33mFinalize[39m 
[33m=[39m 
dynamic(() 
[33m=>[39m [36mimp
ort[39m([32m'./Fina
lize'[39m)[33m,[39
m { ssr[33m:[39m 
[36mfalse[39m 
})[33m;[39m
 [90m   |[39m      
            [31m[1m
^[22m[39m[31m[1m^
[22m[39m[31m[1m^
[22m[39m[31m[1m^[
22m[39m[31m[1m^[2
2m[39m[31m[1m^[22
m[39m[31m[1m^[22m
[39m[31m[1m^[22m
[39m[31m[1m^[22m[
39m[31m[1m^[22m[3
9m[31m[1m^[22m[39
m[31m[1m^[22m[39m
[31m[1m^[22m[39m
[31m[1m^[22m[39m[
31m[1m^[22m[39m[3
1m[1m^[22m[39m[31
m[1m^[22m[39m[31m
[1m^[22m[39m[31m
[1m^[22m[39m[31m[
1m^[22m[39m[31m[1
m^[22m[39m[31m[1m
^[22m[39m[31m[1m^
[22m[39m[31m[1m^
[22m[39m[31m[1m^[
22m[39m[31m[1m^[2
2m[39m[31m[1m^[22
m[39m[31m[1m^[22m
[39m[31m[1m^[22m
[39m[31m[1m^[22m[
39m[31m[1m^[22m[3
9m[31m[1m^[22m[39
m[31m[1m^[22m[39m
[31m[1m^[22m[39m
[31m[1m^[22m[39m[
31m[1m^[22m[39m[3
1m[1m^[22m[39m[31
m[1m^[22m[39m[31m
[1m^[22m[39m[31m
[1m^[22m[39m[31m[
1m^[22m[39m[31m[1
m^[22m[39m[31m[1m
^[22m[39m[31m[1m^
[22m[39m[31m[1m^
[22m[39m[31m[1m^[
22m[39m[31m[1m^[2
2m[39m[31m[1m^[22
m[39m[31m[1m^[22m
[39m[31m[1m^[22m
[39m[31m[1m^[22m[
39m
 [90m 5 |[39m
 [90m 6 |[39m 
[36mconst[39m 
[33mPage[39m 
[33m=[39m () 
[33m=>[39m {
 [90m 7 |[39m   
[36mreturn[39m 
([0m

`ssr: false` is not 
allowed with 
`next/dynamic` in 
Server Components. 
Please move it into 
a Client Component.


    at <unknown> 
(./Desktop/Todo Resum
e/Next/todo-next-test
-main/app/finalize/pa
ge.tsx:4:18)
